[Bootstrap]
SetupTitle=Install
SetupText=Copying Files, please stand by.
CabFile=ken6-902.CAB
Spawn=Setup1.exe
Uninstal=st6unst.exe
TmpDir=msftqws.pdw
Cabs=1

[Bootstrap Files]
File1=@VB6STKIT.DLL,$(WinSysPathSysFile),,,3/26/99 12:00:00 AM,101888,6.0.84.50
File2=@COMCAT.DLL,$(WinSysPathSysFile),$(DLLSelfRegister),,5/31/98 12:00:00 AM,22288,4.71.1460.1
File3=@MSVCRT40.DLL,$(WinSysPathSysFile),,,5/31/98 12:00:00 AM,326656,4.21.0.0
File4=@OLEPRO32.DLL,$(WinSysPathSysFile),$(DLLSelfRegister),,6/2/98 6:24:08 PM,164112,5.0.4261.1
File5=@STDOLE2.TLB,$(WinSysPathSysFile),$(TLBRegister),,6/2/98 3:46:22 PM,17920,2.30.4261.1
File6=@ASYCFILT.DLL,$(WinSysPathSysFile),,,5/5/99 10:22:00 PM,147728,2.40.4275.1
File7=@OLEAUT32.DLL,$(WinSysPathSysFile),$(DLLSelfRegister),,6/2/98 6:24:04 PM,598288,2.30.4261.1
File8=@MSVBVM60.DLL,$(WinSysPathSysFile),$(DLLSelfRegister),,5/27/00 5:00:00 AM,1388544,6.0.88.77

[IconGroups]
Group0=Project1
PrivateGroup0=True
Parent0=$(Programs)

[Project1]
Icon1="ken6-902.exe"
Title1=Project1
StartIn1=$(AppPath)

[Setup]
Title=Project1
DefaultDir=$(ProgramFiles)\Project1
AppExe=ken6-902.exe
AppToUninstall=ken6-902.exe

[Setup1 Files]
File1=@TABCTL32.OCX,$(WinSysPath),$(DLLSelfRegister),$(Shared),6/24/98 12:00:00 AM,209192,6.0.81.69
File2=@MSCOMM32.OCX,$(WinSysPath),$(DLLSelfRegister),$(Shared),6/24/98 12:00:00 AM,103744,6.0.81.69
File3=@MFC40.DLL,$(WinSysPathSysFile),$(DLLSelfRegister),,4/24/98 12:00:00 AM,921872,4.1.0.6038
File4=@spin32.ocx,$(WinSysPath),$(DLLSelfRegister),$(Shared),6/26/98 7:22:24 PM,57880,1.0.0.44
File5=@grid32.ocx,$(AppPath),,$(Shared),6/26/98 7:22:22 PM,94744,4.0.29.8
File6=@MSMASK32.OCX,$(WinSysPath),$(DLLSelfRegister),$(Shared),6/24/98 12:00:00 AM,166200,6.0.81.69
File7=@U2FXLS.DLL,$(WinPath)\Crystal,,$(Shared),11/18/96 10:15:58 PM,69632,4.6.1.106
File8=@U2FWORDW.DLL,$(WinPath)\Crystal,,$(Shared),11/18/96 10:15:58 PM,69632,4.6.1.106
File9=@U2FWKS.DLL,$(WinPath)\Crystal,,$(Shared),11/18/96 10:15:58 PM,53248,4.6.1.106
File10=@U2FTEXT.DLL,$(WinPath)\Crystal,,$(Shared),11/18/96 10:15:58 PM,53248,4.6.1.106
File11=@U2FSEPV.DLL,$(WinPath)\Crystal,,$(Shared),11/18/96 10:15:58 PM,53248,4.6.1.106
File12=@U2FRTF.DLL,$(WinPath)\Crystal,,$(Shared),11/18/96 10:15:58 PM,153761,4.6.1.106
File13=@U2FREC.DLL,$(WinPath)\Crystal,,$(Shared),11/18/96 10:15:58 PM,49152,4.6.1.106
File14=@U2FHTML.DLL,$(WinPath)\Crystal,,$(Shared),11/18/96 10:15:56 PM,109568,4.6.1.106
File15=@U2FDIF.DLL,$(WinPath)\Crystal,,$(Shared),11/18/96 10:15:56 PM,49152,4.6.1.106
File16=@U2FCR.DLL,$(WinPath)\Crystal,,$(Shared),11/18/96 10:15:56 PM,97489,4.6.1.106
File17=@U2DMAPI.DLL,$(WinPath)\Crystal,,$(Shared),11/18/96 10:15:56 PM,124256,4.6.1.106
File18=@U2DDISK.DLL,$(WinPath)\Crystal,,$(Shared),11/18/96 10:15:56 PM,45056,4.6.1.106
File19=@P2SODBC.DLL,$(WinSysPath),,$(Shared),11/18/96 10:15:52 PM,131072,4.6.1.106
File20=@P2IRDAO.DLL,$(WinSysPath),,$(Shared),11/18/96 10:15:50 PM,54272,4.6.1.106
File21=@P2CTDAO.DLL,$(WinSysPath),,$(Shared),11/18/96 10:15:50 PM,50176,4.6.1.106
File22=@P2BDAO.DLL,$(WinSysPath),,$(Shared),11/20/96 10:16:06 PM,87040,4.6.1.112
File23=@P2BBND.DLL,$(WinSysPath),,$(Shared),11/18/96 10:15:50 PM,36352,4.6.1.106
File24=@CRXLAT32.DLL,$(WinPath)\Crystal,,$(Shared),11/18/96 10:15:46 PM,39936,4.6.1.106
File25=@MSVCRT20.DLL,$(WinSysPathSysFile),,,5/31/98 12:00:00 AM,253952,2.11.0.0
File26=@CO2C40EN.DLL,$(WinSysPath),,$(Shared),5/31/98 12:00:00 AM,748160,4.6.1.106
File27=@PG32.DLL,$(WinSysPath),,$(Shared),11/18/96 10:15:56 PM,979456,1.0.0.11
File28=@IMPLODE.DLL,$(WinSysPath),,$(Shared),11/18/96 10:15:46 PM,18944,1.0.0.1
File29=@CRPE32.DLL,$(WinSysPath),,$(Shared),11/20/96 10:15:54 PM,1846784,4.6.1.112
File30=@CRYSTL32.OCX,$(WinSysPath),$(DLLSelfRegister),$(Shared),1/16/97 9:08:04 AM,187664,4.6.37.14
File31=@Comdlg32.ocx,$(WinSysPath),$(DLLSelfRegister),$(Shared),6/24/98 12:00:00 AM,140096,6.0.81.69
File32=@REPCDLG.OCX,$(WinSysPath),$(DLLSelfRegister),$(Shared),6/23/98 12:00:00 AM,119848,6.0.0.8161
File33=@dbgrid32.ocx,$(WinSysPath),$(DLLSelfRegister),$(Shared),6/26/98 7:22:22 PM,525352,5.1.81.4
File34=@DBLIST32.OCX,$(WinSysPath),$(DLLSelfRegister),$(Shared),6/24/98 12:00:00 AM,200496,6.0.81.69
File35=@DAO360.DLL,$(WinSysPath),$(DLLSelfRegister),$(Shared),3/9/99 7:50:08 PM,557328,3.60.2521.8
File36=@WIN6400.DLL,$(AppPath),,,7/26/95 2:02:32 PM,40656,0.0.0.0
File37=@WN956000.DLL,$(AppPath),,,7/8/97 11:34:20 AM,73216,0.0.0.0
File38=@CRPE.DLL,$(WinSysPath),,$(Shared),8/15/95 12:00:00 AM,1124880,3.0.1.32
File39=@ken6-902.exe,$(AppPath),,,12/10/02 1:11:58 AM,2621440,1.0.0.0

; The following lines may be deleted in order to obtain extra 
; space for customizing this file on a full installation diskette.
; 
; XXXXXXXXXXXXXXXXXXXXXXXXXXXXXXXXXXXXXXXXXXXXXXXXXXXXXXXXXXXX
; XXXXXXXXXXXXXXXXXXXXXXXXXXXXXXXXXXXXXXXXXXXXXXXXXXXXXXXXXXXX
; XXXXXXXXXXXXXXXXXXXXXXXXXXXXXXXXXXXXXXXXXXXXXXXXXXXXXXXXXXXX
; XXXXXXXXXXXXXXXXXXXXXXXXXXXXXXXXXXXXXXXXXXXXXXXXXXXXXXXXXXXX
; XXXXXXXXXXXXXXXXXXXXXXXXXXXXXXXXXXXXXXXXXXXXXXXXXXXXXXXXXXXX
; XXXXXXXXXXXXXXXXXXXXXXXXXXXXXXXXXXXXXXXXXXXXXXXXXXXXXXXXXXXX
; XXXXXXXXXXXXXXXXXXXXXXXXXXXXXXXXXXXXXXXXXXXXXXXXXXXXXXXXXXXX
; XXXXXXXXXXXXXXXXXXXXXXXXXXXXXXXXXXXXXXXXXXXXXXXXXXXXXXXXXXXX
; XXXXXXXXXXXXXXXXXXXXXXXXXXXXXXXXXXXXXXXXXXXXXXXXXXXXXXXXXXXX
; XXXXXXXXXXXXXXXXXXXXXXXXXXXXXXXXXXXXXXXXXXXXXXXXXXXXXXXXXXXX
; XXXXXXXXXXXXXXXXXXXXXXXXXXXXXXXXXXXXXXXXXXXXXXXXXXXXXXXXXXXX
; XXXXXXXXXXXXXXXXXXXXXXXXXXXXXXXXXXXXXXXXXXXXXXXXXXXXXXXXXXXX
; XXXXXXXXXXXXXXXXXXXXXXXXXXXXXXXXXXXXXXXXXXXXXXXXXXXXXXXXXXXX
; XXXXXXXXXXXXXXXXXXXXXXXXXXXXXXXXXXXXXXXXXXXXXXXXXXXXXXXXXXXX
; XXXXXXXXXXXXXXXXXXXXXXXXXXXXXXXXXXXXXXXXXXXXXXXXXXXXXXXXXXXX
; XXXXXXXXXXXXXXXXXXXXXXXXXXXXXXXXXXXXXXXXXXXXXXXXXXXXXXXXXXXX
; XXXXXXXXXXXXXXXXXXXXXXXXXXXXXXXXXXXXXXXXXXXXXXXXXXXXXXXXXXXX
; XXXXXXXXXXXXXXXXXXXXXXXXXXXXXXXXXXXXXXXXXXXXXXXXXXXXXXXXXXXX
; XXXXXXXXXXXXXXXXXXXXXXXXXXXXXXXXXXXXXXXXXXXXXXXXXXXXXXXXXXXX
; XXXXXXXXXXXXXXXXXXXXXXXXXXXXXXXXXXXXXXXXXXXXXXXXXXXXXXXXXXXX
; XXXXXXXXXXXXXXXXXXXXXXXXXXXXXXXXXXXXXXXXXXXXXXXXXXXXXXXXXXXX
; XXXXXXXXXXXXXXXXXXXXXXXXXXXXXXXXXXXXXXXXXXXXXXXXXXXXXXXXXXXX
; XXXXXXXXXXXXXXXXXXXXXXXXXXXXXXXXXXXXXXXXXXXXXXXXXXXXXXXXXXXX
; XXXXXXXXXXXXXXXXXXXXXXXXXXXXXXXXXXXXXXXXXXXXXXXXXXXXXXXXXXXX
; XXXXXXXXXXXXXXXXXXXXXXXXXXXXXXXXXXXXXXXXXXXXXXXXXXXXXXXXXXXX
; XXXXXXXXXXXXXXXXXXXXXXXXXXXXXXXXXXXXXXXXXXXXXXXXXXXXXXXXXXXX
; XXXXXXXXXXXXXXXXXXXXXXXXXXXXXXXXXXXXXXXXXXXXXXXXXXXXXXXXXXXX
; XXXXXXXXXXXXXXXXXXXXXXXXXXXXXXXXXXXXXXXXXXXXXXXXXXXXXXXXXXXX
; XXXXXXXXXXXXXXXXXXXXXXXXXXXXXXXXXXXXXXXXXXXXXXXXXXXXXXXXXXXX
; XXXXXXXXXXXXXXXXXXXXXXXXXXXXXXXXXXXXXXXXXXXXXXXXXXXXXXXXXXXX
; XXXXXXXXXXXXXXXXXXXXXXXXXXXXXXXXXXXXXXXXXXXXXXXXXXXXXXXXXXXX
; XXXXXXXXXXXXXXXXXXXXXXXXXXXXXXXXXXXXXXXXXXXXXXXXXXXXXXXXXXXX
; XXXXXXXXXXXXXXXXXXXXXXXXXXXXXXXXXXXXXXXXXXXXXXXXXXXXXXXXXXXX
; XXXXXXXXXXXXXXXXXXXXXXXXXXXXXXXXXXXXXXXXXXXXXXXXXXXXXXXXXXXX
; XXXXXXXXXXXXXXXXXXXXXXXXXXXXXXXXXXXXXXXXXXXXXXXXXXXXXXXXXXXX
